   text	   data	    bss	    dec	    hex	filename
 0x6d34	 0x15ec	  0x260	  34176	   8580	/home/noe/gap_riscv_toolchain_ubuntu/gap_sdk/examples/gap8/basic/NN/BUILD/GAP8_V3/GCC_RISCV_PULPOS/test
/home/noe/gap_riscv_toolchain_ubuntu/gap_sdk/examples/gap8/basic/NN/BUILD/GAP8_V3/GCC_RISCV_PULPOS/test:1b000bb8 00000001 D camera_isAwaked	/home/noe/gap_riscv_toolchain_ubuntu/gap_sdk/gap8/rtos/pulp/pulp-os/drivers_deprecated/camera/himax.c:150
/home/noe/gap_riscv_toolchain_ubuntu/gap_sdk/examples/gap8/basic/NN/BUILD/GAP8_V3/GCC_RISCV_PULPOS/test:00000338 00000001 D __rt_hyper_pending_emu_do_memcpy	/home/noe/gap_riscv_toolchain_ubuntu/gap_sdk/gap8/rtos/pulp/pulp-os/drivers/hyper/hyperram-v1.c:53
/home/noe/gap_riscv_toolchain_ubuntu/gap_sdk/examples/gap8/basic/NN/BUILD/GAP8_V3/GCC_RISCV_PULPOS/test:1c002df4 00000002 W illegal_insn_handler_c	/home/noe/gap_riscv_toolchain_ubuntu/gap_sdk/gap8/rtos/pulp/pulp-os/kernel/irq.c:89
/home/noe/gap_riscv_toolchain_ubuntu/gap_sdk/examples/gap8/basic/NN/BUILD/GAP8_V3/GCC_RISCV_PULPOS/test:1c003f30 00000002 T __rt_fll_deinit	/home/noe/gap_riscv_toolchain_ubuntu/gap_sdk/gap8/rtos/pulp/pulp-os/kernel/gap/pmu_driver.c:876
/home/noe/gap_riscv_toolchain_ubuntu/gap_sdk/examples/gap8/basic/NN/BUILD/GAP8_V3/GCC_RISCV_PULPOS/test:1c003f32 00000002 T __rt_flls_constructor	/home/noe/gap_riscv_toolchain_ubuntu/gap_sdk/gap8/rtos/pulp/pulp-os/kernel/gap/pmu_driver.c:880
/home/noe/gap_riscv_toolchain_ubuntu/gap_sdk/examples/gap8/basic/NN/BUILD/GAP8_V3/GCC_RISCV_PULPOS/test:1c006ea8 00000003 d ToHWDCDC_Pos	/home/noe/gap_riscv_toolchain_ubuntu/gap_sdk/gap8/rtos/pulp/pulp-os/kernel/gap/pmu_driver.c:192
/home/noe/gap_riscv_toolchain_ubuntu/gap_sdk/examples/gap8/basic/NN/BUILD/GAP8_V3/GCC_RISCV_PULPOS/test:1c006294 00000004 t ctor_list	/home/noe/gap_riscv_toolchain_ubuntu/gap_sdk/gap8/rtos/pulp/pulp-os/kernel/init.c:29
/home/noe/gap_riscv_toolchain_ubuntu/gap_sdk/examples/gap8/basic/NN/BUILD/GAP8_V3/GCC_RISCV_PULPOS/test:1c0062d0 00000004 t dtor_list	/home/noe/gap_riscv_toolchain_ubuntu/gap_sdk/gap8/rtos/pulp/pulp-os/kernel/init.c:30
/home/noe/gap_riscv_toolchain_ubuntu/gap_sdk/examples/gap8/basic/NN/BUILD/GAP8_V3/GCC_RISCV_PULPOS/test:1c007164 00000004 B first_delayed
/home/noe/gap_riscv_toolchain_ubuntu/gap_sdk/examples/gap8/basic/NN/BUILD/GAP8_V3/GCC_RISCV_PULPOS/test:1c007124 00000004 b __pi_hyper_cluster_reqs_first	/home/noe/gap_riscv_toolchain_ubuntu/gap_sdk/gap8/rtos/pulp/pulp-os/drivers/hyper/hyperram-v1.c:62
/home/noe/gap_riscv_toolchain_ubuntu/gap_sdk/examples/gap8/basic/NN/BUILD/GAP8_V3/GCC_RISCV_PULPOS/test:1c002da4 00000004 T pi_open_from_conf	/home/noe/gap_riscv_toolchain_ubuntu/gap_sdk/gap8/rtos/pulp/pulp-os/kernel/init.c:325
/home/noe/gap_riscv_toolchain_ubuntu/gap_sdk/examples/gap8/basic/NN/BUILD/GAP8_V3/GCC_RISCV_PULPOS/test:1c006eac 00000004 D PMURetentionState
/home/noe/gap_riscv_toolchain_ubuntu/gap_sdk/examples/gap8/basic/NN/BUILD/GAP8_V3/GCC_RISCV_PULPOS/test:00000354 00000004 D pwmEventsStatus	/home/noe/gap_riscv_toolchain_ubuntu/gap_sdk/gap8/rtos/pulp/pulp-os/drivers/pwm/pwm.c:9
/home/noe/gap_riscv_toolchain_ubuntu/gap_sdk/examples/gap8/basic/NN/BUILD/GAP8_V3/GCC_RISCV_PULPOS/test:1c006eb8 00000004 d RetPMUStateToPMUState	/home/noe/gap_riscv_toolchain_ubuntu/gap_sdk/gap8/rtos/pulp/pulp-os/kernel/gap/pmu_driver.c:185
/home/noe/gap_riscv_toolchain_ubuntu/gap_sdk/examples/gap8/basic/NN/BUILD/GAP8_V3/GCC_RISCV_PULPOS/test:1c007160 00000004 B __rt_alloc_fc_tcdm
/home/noe/gap_riscv_toolchain_ubuntu/gap_sdk/examples/gap8/basic/NN/BUILD/GAP8_V3/GCC_RISCV_PULPOS/test:1c007158 00000004 B __rt_alloc_l1
/home/noe/gap_riscv_toolchain_ubuntu/gap_sdk/examples/gap8/basic/NN/BUILD/GAP8_V3/GCC_RISCV_PULPOS/test:1c00715c 00000004 B __rt_alloc_l2
/home/noe/gap_riscv_toolchain_ubuntu/gap_sdk/examples/gap8/basic/NN/BUILD/GAP8_V3/GCC_RISCV_PULPOS/test:00000014 00000004 d __rt_bridge_eeprom_handle	/home/noe/gap_riscv_toolchain_ubuntu/gap_sdk/gap8/rtos/pulp/pulp-os/kernel/bridge.c:25
/home/noe/gap_riscv_toolchain_ubuntu/gap_sdk/examples/gap8/basic/NN/BUILD/GAP8_V3/GCC_RISCV_PULPOS/test:00000010 00000004 d __rt_bridge_flash_cs	/home/noe/gap_riscv_toolchain_ubuntu/gap_sdk/gap8/rtos/pulp/pulp-os/kernel/bridge.c:29
/home/noe/gap_riscv_toolchain_ubuntu/gap_sdk/examples/gap8/basic/NN/BUILD/GAP8_V3/GCC_RISCV_PULPOS/test:00000004 00000004 d __rt_bridge_flash_handle	/home/noe/gap_riscv_toolchain_ubuntu/gap_sdk/gap8/rtos/pulp/pulp-os/kernel/bridge.c:26
/home/noe/gap_riscv_toolchain_ubuntu/gap_sdk/examples/gap8/basic/NN/BUILD/GAP8_V3/GCC_RISCV_PULPOS/test:0000000c 00000004 d __rt_bridge_flash_itf	/home/noe/gap_riscv_toolchain_ubuntu/gap_sdk/gap8/rtos/pulp/pulp-os/kernel/bridge.c:28
/home/noe/gap_riscv_toolchain_ubuntu/gap_sdk/examples/gap8/basic/NN/BUILD/GAP8_V3/GCC_RISCV_PULPOS/test:00000008 00000004 d __rt_bridge_flash_type	/home/noe/gap_riscv_toolchain_ubuntu/gap_sdk/gap8/rtos/pulp/pulp-os/kernel/bridge.c:27
/home/noe/gap_riscv_toolchain_ubuntu/gap_sdk/examples/gap8/basic/NN/BUILD/GAP8_V3/GCC_RISCV_PULPOS/test:00000390 00000004 D __rtc_handler	/home/noe/gap_riscv_toolchain_ubuntu/gap_sdk/gap8/rtos/pulp/pulp-os/drivers_deprecated/dolphin/rtc.c:25
/home/noe/gap_riscv_toolchain_ubuntu/gap_sdk/examples/gap8/basic/NN/BUILD/GAP8_V3/GCC_RISCV_PULPOS/test:1000001c 00000004 D __rt_cluster_fc_task_lock	/home/noe/gap_riscv_toolchain_ubuntu/gap_sdk/gap8/rtos/pulp/pulp-os/kernel/cluster.c:59
/home/noe/gap_riscv_toolchain_ubuntu/gap_sdk/examples/gap8/basic/NN/BUILD/GAP8_V3/GCC_RISCV_PULPOS/test:00000018 00000004 D __rt_cluster_nb_active_pe
/home/noe/gap_riscv_toolchain_ubuntu/gap_sdk/examples/gap8/basic/NN/BUILD/GAP8_V3/GCC_RISCV_PULPOS/test:1c007174 00000004 B __rt_cluster_tasks	/home/noe/gap_riscv_toolchain_ubuntu/gap_sdk/gap8/rtos/pulp/pulp-os/kernel/cluster.c:41
/home/noe/gap_riscv_toolchain_ubuntu/gap_sdk/examples/gap8/basic/NN/BUILD/GAP8_V3/GCC_RISCV_PULPOS/test:1b000b9c 00000004 D __rt_debug_config
/home/noe/gap_riscv_toolchain_ubuntu/gap_sdk/examples/gap8/basic/NN/BUILD/GAP8_V3/GCC_RISCV_PULPOS/test:1b000b98 00000004 D __rt_debug_config_trace
/home/noe/gap_riscv_toolchain_ubuntu/gap_sdk/examples/gap8/basic/NN/BUILD/GAP8_V3/GCC_RISCV_PULPOS/test:00000014 00000004 D __rt_dma_first_pending
/home/noe/gap_riscv_toolchain_ubuntu/gap_sdk/examples/gap8/basic/NN/BUILD/GAP8_V3/GCC_RISCV_PULPOS/test:00000010 00000004 D __rt_dma_last_pending
/home/noe/gap_riscv_toolchain_ubuntu/gap_sdk/examples/gap8/basic/NN/BUILD/GAP8_V3/GCC_RISCV_PULPOS/test:1c007120 00000004 b __rt_fc_cluster_device	/home/noe/gap_riscv_toolchain_ubuntu/gap_sdk/gap8/rtos/pulp/pulp-os/kernel/pulpos_emu.c:25
/home/noe/gap_riscv_toolchain_ubuntu/gap_sdk/examples/gap8/basic/NN/BUILD/GAP8_V3/GCC_RISCV_PULPOS/test:1c006e8c 00000004 V __rt_fc_stack_size
/home/noe/gap_riscv_toolchain_ubuntu/gap_sdk/examples/gap8/basic/NN/BUILD/GAP8_V3/GCC_RISCV_PULPOS/test:00000018 00000004 D __rt_first_free
/home/noe/gap_riscv_toolchain_ubuntu/gap_sdk/examples/gap8/basic/NN/BUILD/GAP8_V3/GCC_RISCV_PULPOS/test:1c003f34 00000004 T __rt_fll_set_freq	/home/noe/gap_riscv_toolchain_ubuntu/gap_sdk/gap8/rtos/pulp/pulp-os/kernel/gap/pmu_driver.c:884
/home/noe/gap_riscv_toolchain_ubuntu/gap_sdk/examples/gap8/basic/NN/BUILD/GAP8_V3/GCC_RISCV_PULPOS/test:00000324 00000004 D __rt_hyper_current_task	/home/noe/gap_riscv_toolchain_ubuntu/gap_sdk/gap8/rtos/pulp/pulp-os/drivers/hyper/hyperram-v1.c:27
/home/noe/gap_riscv_toolchain_ubuntu/gap_sdk/examples/gap8/basic/NN/BUILD/GAP8_V3/GCC_RISCV_PULPOS/test:00000320 00000004 D __rt_hyper_end_task	/home/noe/gap_riscv_toolchain_ubuntu/gap_sdk/gap8/rtos/pulp/pulp-os/drivers/hyper/hyperram-v1.c:25
/home/noe/gap_riscv_toolchain_ubuntu/gap_sdk/examples/gap8/basic/NN/BUILD/GAP8_V3/GCC_RISCV_PULPOS/test:1c007128 00000004 b __rt_hyper_open_count	/home/noe/gap_riscv_toolchain_ubuntu/gap_sdk/gap8/rtos/pulp/pulp-os/drivers/hyper/hyperram-v1.c:65
/home/noe/gap_riscv_toolchain_ubuntu/gap_sdk/examples/gap8/basic/NN/BUILD/GAP8_V3/GCC_RISCV_PULPOS/test:00000314 00000004 D __rt_hyper_pending_addr	/home/noe/gap_riscv_toolchain_ubuntu/gap_sdk/gap8/rtos/pulp/pulp-os/drivers/hyper/hyperram-v1.c:33
/home/noe/gap_riscv_toolchain_ubuntu/gap_sdk/examples/gap8/basic/NN/BUILD/GAP8_V3/GCC_RISCV_PULPOS/test:0000030c 00000004 D __rt_hyper_pending_base	/home/noe/gap_riscv_toolchain_ubuntu/gap_sdk/gap8/rtos/pulp/pulp-os/drivers/hyper/hyperram-v1.c:31
/home/noe/gap_riscv_toolchain_ubuntu/gap_sdk/examples/gap8/basic/NN/BUILD/GAP8_V3/GCC_RISCV_PULPOS/test:00000330 00000004 D __rt_hyper_pending_emu_addr	/home/noe/gap_riscv_toolchain_ubuntu/gap_sdk/gap8/rtos/pulp/pulp-os/drivers/hyper/hyperram-v1.c:48
/home/noe/gap_riscv_toolchain_ubuntu/gap_sdk/examples/gap8/basic/NN/BUILD/GAP8_V3/GCC_RISCV_PULPOS/test:00000328 00000004 D __rt_hyper_pending_emu_channel	/home/noe/gap_riscv_toolchain_ubuntu/gap_sdk/gap8/rtos/pulp/pulp-os/drivers/hyper/hyperram-v1.c:46
/home/noe/gap_riscv_toolchain_ubuntu/gap_sdk/examples/gap8/basic/NN/BUILD/GAP8_V3/GCC_RISCV_PULPOS/test:0000032c 00000004 D __rt_hyper_pending_emu_hyper_addr	/home/noe/gap_riscv_toolchain_ubuntu/gap_sdk/gap8/rtos/pulp/pulp-os/drivers/hyper/hyperram-v1.c:47
/home/noe/gap_riscv_toolchain_ubuntu/gap_sdk/examples/gap8/basic/NN/BUILD/GAP8_V3/GCC_RISCV_PULPOS/test:0000034c 00000004 D __rt_hyper_pending_emu_length	/home/noe/gap_riscv_toolchain_ubuntu/gap_sdk/gap8/rtos/pulp/pulp-os/drivers/hyper/hyperram-v1.c:51
/home/noe/gap_riscv_toolchain_ubuntu/gap_sdk/examples/gap8/basic/NN/BUILD/GAP8_V3/GCC_RISCV_PULPOS/test:00000334 00000004 D __rt_hyper_pending_emu_size	/home/noe/gap_riscv_toolchain_ubuntu/gap_sdk/gap8/rtos/pulp/pulp-os/drivers/hyper/hyperram-v1.c:49
/home/noe/gap_riscv_toolchain_ubuntu/gap_sdk/examples/gap8/basic/NN/BUILD/GAP8_V3/GCC_RISCV_PULPOS/test:00000348 00000004 D __rt_hyper_pending_emu_size_2d	/home/noe/gap_riscv_toolchain_ubuntu/gap_sdk/gap8/rtos/pulp/pulp-os/drivers/hyper/hyperram-v1.c:50
/home/noe/gap_riscv_toolchain_ubuntu/gap_sdk/examples/gap8/basic/NN/BUILD/GAP8_V3/GCC_RISCV_PULPOS/test:00000350 00000004 D __rt_hyper_pending_emu_stride	/home/noe/gap_riscv_toolchain_ubuntu/gap_sdk/gap8/rtos/pulp/pulp-os/drivers/hyper/hyperram-v1.c:52
/home/noe/gap_riscv_toolchain_ubuntu/gap_sdk/examples/gap8/basic/NN/BUILD/GAP8_V3/GCC_RISCV_PULPOS/test:0000033c 00000004 D __rt_hyper_pending_emu_task	/home/noe/gap_riscv_toolchain_ubuntu/gap_sdk/gap8/rtos/pulp/pulp-os/drivers/hyper/hyperram-v1.c:54
/home/noe/gap_riscv_toolchain_ubuntu/gap_sdk/examples/gap8/basic/NN/BUILD/GAP8_V3/GCC_RISCV_PULPOS/test:00000310 00000004 D __rt_hyper_pending_hyper_addr	/home/noe/gap_riscv_toolchain_ubuntu/gap_sdk/gap8/rtos/pulp/pulp-os/drivers/hyper/hyperram-v1.c:32
/home/noe/gap_riscv_toolchain_ubuntu/gap_sdk/examples/gap8/basic/NN/BUILD/GAP8_V3/GCC_RISCV_PULPOS/test:00000318 00000004 D __rt_hyper_pending_repeat	/home/noe/gap_riscv_toolchain_ubuntu/gap_sdk/gap8/rtos/pulp/pulp-os/drivers/hyper/hyperram-v1.c:34
/home/noe/gap_riscv_toolchain_ubuntu/gap_sdk/examples/gap8/basic/NN/BUILD/GAP8_V3/GCC_RISCV_PULPOS/test:0000031c 00000004 D __rt_hyper_pending_repeat_size	/home/noe/gap_riscv_toolchain_ubuntu/gap_sdk/gap8/rtos/pulp/pulp-os/drivers/hyper/hyperram-v1.c:35
/home/noe/gap_riscv_toolchain_ubuntu/gap_sdk/examples/gap8/basic/NN/BUILD/GAP8_V3/GCC_RISCV_PULPOS/test:00000340 00000004 D __rt_hyper_pending_tasks	/home/noe/gap_riscv_toolchain_ubuntu/gap_sdk/gap8/rtos/pulp/pulp-os/drivers/hyper/hyperram-v1.c:39
/home/noe/gap_riscv_toolchain_ubuntu/gap_sdk/examples/gap8/basic/NN/BUILD/GAP8_V3/GCC_RISCV_PULPOS/test:00000344 00000004 D __rt_hyper_pending_tasks_last	/home/noe/gap_riscv_toolchain_ubuntu/gap_sdk/gap8/rtos/pulp/pulp-os/drivers/hyper/hyperram-v1.c:40
/home/noe/gap_riscv_toolchain_ubuntu/gap_sdk/examples/gap8/basic/NN/BUILD/GAP8_V3/GCC_RISCV_PULPOS/test:1c004922 00000004 T __rt_hyper_resume_copy	/home/noe/gap_riscv_toolchain_ubuntu/gap_sdk/gap8/rtos/pulp/pulp-os/drivers/hyper/hyperram-v1.c:988
/home/noe/gap_riscv_toolchain_ubuntu/gap_sdk/examples/gap8/basic/NN/BUILD/GAP8_V3/GCC_RISCV_PULPOS/test:00000308 00000004 D __rt_hyper_udma_handle
/home/noe/gap_riscv_toolchain_ubuntu/gap_sdk/examples/gap8/basic/NN/BUILD/GAP8_V3/GCC_RISCV_PULPOS/test:1c00712c 00000004 b __rt_i2s_first	/home/noe/gap_riscv_toolchain_ubuntu/gap_sdk/gap8/rtos/pulp/pulp-os/drivers_deprecated/i2s/i2s-v1.c:40
/home/noe/gap_riscv_toolchain_ubuntu/gap_sdk/examples/gap8/basic/NN/BUILD/GAP8_V3/GCC_RISCV_PULPOS/test:1c007114 00000004 V __rt_iodev
/home/noe/gap_riscv_toolchain_ubuntu/gap_sdk/examples/gap8/basic/NN/BUILD/GAP8_V3/GCC_RISCV_PULPOS/test:1c006e88 00000004 V __rt_iodev_uart_baudrate
/home/noe/gap_riscv_toolchain_ubuntu/gap_sdk/examples/gap8/basic/NN/BUILD/GAP8_V3/GCC_RISCV_PULPOS/test:1c007118 00000004 V __rt_iodev_uart_channel
/home/noe/gap_riscv_toolchain_ubuntu/gap_sdk/examples/gap8/basic/NN/BUILD/GAP8_V3/GCC_RISCV_PULPOS/test:1c007138 00000004 b __rt_io_event_current	/home/noe/gap_riscv_toolchain_ubuntu/gap_sdk/gap8/rtos/pulp/pulp-os/libs/io/io.c:40
/home/noe/gap_riscv_toolchain_ubuntu/gap_sdk/examples/gap8/basic/NN/BUILD/GAP8_V3/GCC_RISCV_PULPOS/test:1c00713c 00000004 b __rt_io_pending_flush	/home/noe/gap_riscv_toolchain_ubuntu/gap_sdk/gap8/rtos/pulp/pulp-os/libs/io/io.c:50
/home/noe/gap_riscv_toolchain_ubuntu/gap_sdk/examples/gap8/basic/NN/BUILD/GAP8_V3/GCC_RISCV_PULPOS/test:1c007144 00000004 b _rt_io_uart	/home/noe/gap_riscv_toolchain_ubuntu/gap_sdk/gap8/rtos/pulp/pulp-os/libs/io/io.c:38
/home/noe/gap_riscv_toolchain_ubuntu/gap_sdk/examples/gap8/basic/NN/BUILD/GAP8_V3/GCC_RISCV_PULPOS/test:1c006e84 00000004 V __rt_platform
/home/noe/gap_riscv_toolchain_ubuntu/gap_sdk/examples/gap8/basic/NN/BUILD/GAP8_V3/GCC_RISCV_PULPOS/test:1c007140 00000004 b __rt_putc_host_buffer_index	/home/noe/gap_riscv_toolchain_ubuntu/gap_sdk/gap8/rtos/pulp/pulp-os/libs/io/io.c:48
/home/noe/gap_riscv_toolchain_ubuntu/gap_sdk/examples/gap8/basic/NN/BUILD/GAP8_V3/GCC_RISCV_PULPOS/test:0000038c 00000004 D __rt_rtc_init_done	/home/noe/gap_riscv_toolchain_ubuntu/gap_sdk/gap8/rtos/pulp/pulp-os/drivers_deprecated/dolphin/rtc.c:26
/home/noe/gap_riscv_toolchain_ubuntu/gap_sdk/examples/gap8/basic/NN/BUILD/GAP8_V3/GCC_RISCV_PULPOS/test:1c007170 00000004 B __rt_wakeup_use_fast	/home/noe/gap_riscv_toolchain_ubuntu/gap_sdk/gap8/rtos/pulp/pulp-os/kernel/gap/pmu_driver.c:173
/home/noe/gap_riscv_toolchain_ubuntu/gap_sdk/examples/gap8/basic/NN/BUILD/GAP8_V3/GCC_RISCV_PULPOS/test:1c00711c 00000004 b timer_count	/home/noe/gap_riscv_toolchain_ubuntu/gap_sdk/gap8/rtos/pulp/pulp-os/kernel/time.c:23
/home/noe/gap_riscv_toolchain_ubuntu/gap_sdk/examples/gap8/basic/NN/BUILD/GAP8_V3/GCC_RISCV_PULPOS/test:1c004122 00000006 T pi_cluster_conf_init	/home/noe/gap_riscv_toolchain_ubuntu/gap_sdk/gap8/rtos/pulp/pulp-os/kernel/cluster.c:337
/home/noe/gap_riscv_toolchain_ubuntu/gap_sdk/examples/gap8/basic/NN/BUILD/GAP8_V3/GCC_RISCV_PULPOS/test:1c0051bc 00000006 T semihost_exit	/home/noe/gap_riscv_toolchain_ubuntu/gap_sdk/gap8/rtos/pulp/pulp-os/libs/io/semihost.c:51
/home/noe/gap_riscv_toolchain_ubuntu/gap_sdk/examples/gap8/basic/NN/BUILD/GAP8_V3/GCC_RISCV_PULPOS/test:1c0051b6 00000006 T semihost_write0	/home/noe/gap_riscv_toolchain_ubuntu/gap_sdk/gap8/rtos/pulp/pulp-os/libs/io/semihost.c:6
/home/noe/gap_riscv_toolchain_ubuntu/gap_sdk/examples/gap8/basic/NN/BUILD/GAP8_V3/GCC_RISCV_PULPOS/test:1c006e90 00000007 d SystemStateToSCUFastSeq	/home/noe/gap_riscv_toolchain_ubuntu/gap_sdk/gap8/rtos/pulp/pulp-os/kernel/gap/pmu_driver.c:176
/home/noe/gap_riscv_toolchain_ubuntu/gap_sdk/examples/gap8/basic/NN/BUILD/GAP8_V3/GCC_RISCV_PULPOS/test:1c00512e 00000008 T abort	/home/noe/gap_riscv_toolchain_ubuntu/gap_sdk/gap8/rtos/pulp/pulp-os/libs/io/io.c:739
/home/noe/gap_riscv_toolchain_ubuntu/gap_sdk/examples/gap8/basic/NN/BUILD/GAP8_V3/GCC_RISCV_PULPOS/test:1c007148 00000008 B bias
/home/noe/gap_riscv_toolchain_ubuntu/gap_sdk/examples/gap8/basic/NN/BUILD/GAP8_V3/GCC_RISCV_PULPOS/test:1c006eb0 00000008 D FllsFrequency
/home/noe/gap_riscv_toolchain_ubuntu/gap_sdk/examples/gap8/basic/NN/BUILD/GAP8_V3/GCC_RISCV_PULPOS/test:1c007168 00000008 B __rt_freq_domains
/home/noe/gap_riscv_toolchain_ubuntu/gap_sdk/examples/gap8/basic/NN/BUILD/GAP8_V3/GCC_RISCV_PULPOS/test:1c00491a 00000008 T __rt_hyper_resume_emu_task	/home/noe/gap_riscv_toolchain_ubuntu/gap_sdk/gap8/rtos/pulp/pulp-os/drivers/hyper/hyperram-v1.c:980
/home/noe/gap_riscv_toolchain_ubuntu/gap_sdk/examples/gap8/basic/NN/BUILD/GAP8_V3/GCC_RISCV_PULPOS/test:000002b0 00000008 D __rt_socevents_status
/home/noe/gap_riscv_toolchain_ubuntu/gap_sdk/examples/gap8/basic/NN/BUILD/GAP8_V3/GCC_RISCV_PULPOS/test:1c007130 00000008 b __rt_spim_open_count	/home/noe/gap_riscv_toolchain_ubuntu/gap_sdk/gap8/rtos/pulp/pulp-os/drivers_deprecated/spim/spim-v2.c:26
/home/noe/gap_riscv_toolchain_ubuntu/gap_sdk/examples/gap8/basic/NN/BUILD/GAP8_V3/GCC_RISCV_PULPOS/test:1c007150 00000008 B weights
/home/noe/gap_riscv_toolchain_ubuntu/gap_sdk/examples/gap8/basic/NN/BUILD/GAP8_V3/GCC_RISCV_PULPOS/test:1c004ad6 0000000a T __rt_himax_init	/home/noe/gap_riscv_toolchain_ubuntu/gap_sdk/gap8/rtos/pulp/pulp-os/drivers_deprecated/camera/himax.c:400
/home/noe/gap_riscv_toolchain_ubuntu/gap_sdk/examples/gap8/basic/NN/BUILD/GAP8_V3/GCC_RISCV_PULPOS/test:1c004564 0000000a T __rt_padframe_init	/home/noe/gap_riscv_toolchain_ubuntu/gap_sdk/gap8/rtos/pulp/pulp-os/drivers_deprecated/pads/pads-v1.c:58
/home/noe/gap_riscv_toolchain_ubuntu/gap_sdk/examples/gap8/basic/NN/BUILD/GAP8_V3/GCC_RISCV_PULPOS/test:00000004 0000000c D __rt_cluster_pool
/home/noe/gap_riscv_toolchain_ubuntu/gap_sdk/examples/gap8/basic/NN/BUILD/GAP8_V3/GCC_RISCV_PULPOS/test:1c0051a8 0000000e t __internal_semihost	/home/noe/gap_riscv_toolchain_ubuntu/gap_sdk/gap8/rtos/pulp/pulp-os/libs/io/semihost.h:75
/home/noe/gap_riscv_toolchain_ubuntu/gap_sdk/examples/gap8/basic/NN/BUILD/GAP8_V3/GCC_RISCV_PULPOS/test:1c004b04 0000000e t __rt_io_end_of_flush	/home/noe/gap_riscv_toolchain_ubuntu/gap_sdk/gap8/rtos/pulp/pulp-os/libs/io/io.c:366
/home/noe/gap_riscv_toolchain_ubuntu/gap_sdk/examples/gap8/basic/NN/BUILD/GAP8_V3/GCC_RISCV_PULPOS/test:1c004eb2 00000010 T memset	/home/noe/gap_riscv_toolchain_ubuntu/gap_sdk/gap8/rtos/pulp/pulp-os/libs/io/io.c:150
/home/noe/gap_riscv_toolchain_ubuntu/gap_sdk/examples/gap8/basic/NN/BUILD/GAP8_V3/GCC_RISCV_PULPOS/test:1c006e98 00000010 D PMUState
/home/noe/gap_riscv_toolchain_ubuntu/gap_sdk/examples/gap8/basic/NN/BUILD/GAP8_V3/GCC_RISCV_PULPOS/test:1b000bbc 00000010 d __rt_io_fc_lock	/home/noe/gap_riscv_toolchain_ubuntu/gap_sdk/gap8/rtos/pulp/pulp-os/libs/io/io.c:35
/home/noe/gap_riscv_toolchain_ubuntu/gap_sdk/examples/gap8/basic/NN/BUILD/GAP8_V3/GCC_RISCV_PULPOS/test:1c006d7c 00000010 V __rt_padframe_default	/home/noe/gap_riscv_toolchain_ubuntu/gap_sdk/gap8/rtos/pulp/pulp-os/drivers_deprecated/pads/pads-v1.c:28
/home/noe/gap_riscv_toolchain_ubuntu/gap_sdk/examples/gap8/basic/NN/BUILD/GAP8_V3/GCC_RISCV_PULPOS/test:1c006d8c 00000010 V __rt_padframe_hyper	/home/noe/gap_riscv_toolchain_ubuntu/gap_sdk/gap8/rtos/pulp/pulp-os/drivers_deprecated/pads/pads-v1.c:30
/home/noe/gap_riscv_toolchain_ubuntu/gap_sdk/examples/gap8/basic/NN/BUILD/GAP8_V3/GCC_RISCV_PULPOS/test:1c006d9c 00000010 V __rt_padframe_hyper_gpio	/home/noe/gap_riscv_toolchain_ubuntu/gap_sdk/gap8/rtos/pulp/pulp-os/drivers_deprecated/pads/pads-v1.c:32
/home/noe/gap_riscv_toolchain_ubuntu/gap_sdk/examples/gap8/basic/NN/BUILD/GAP8_V3/GCC_RISCV_PULPOS/test:1c007104 00000010 b __rt_uart	/home/noe/gap_riscv_toolchain_ubuntu/gap_sdk/gap8/rtos/pulp/pulp-os/drivers_deprecated/uart/uart.c:43
/home/noe/gap_riscv_toolchain_ubuntu/gap_sdk/examples/gap8/basic/NN/BUILD/GAP8_V3/GCC_RISCV_PULPOS/test:1c005f0c 00000010 T rt_uart_conf_init
/home/noe/gap_riscv_toolchain_ubuntu/gap_sdk/examples/gap8/basic/NN/BUILD/GAP8_V3/GCC_RISCV_PULPOS/test:1c0034a8 00000012 T __rt_event_sched_init	/home/noe/gap_riscv_toolchain_ubuntu/gap_sdk/gap8/rtos/pulp/pulp-os/kernel/events.c:264
/home/noe/gap_riscv_toolchain_ubuntu/gap_sdk/examples/gap8/basic/NN/BUILD/GAP8_V3/GCC_RISCV_PULPOS/test:1c003f1e 00000012 T __rt_fll_init	/home/noe/gap_riscv_toolchain_ubuntu/gap_sdk/gap8/rtos/pulp/pulp-os/kernel/gap/pmu_driver.c:871
/home/noe/gap_riscv_toolchain_ubuntu/gap_sdk/examples/gap8/basic/NN/BUILD/GAP8_V3/GCC_RISCV_PULPOS/test:1c004ae0 00000012 T __rt_rtc_init	/home/noe/gap_riscv_toolchain_ubuntu/gap_sdk/gap8/rtos/pulp/pulp-os/drivers_deprecated/dolphin/rtc.c:414
/home/noe/gap_riscv_toolchain_ubuntu/gap_sdk/examples/gap8/basic/NN/BUILD/GAP8_V3/GCC_RISCV_PULPOS/test:1c004af2 00000012 T __rt_spim_init	/home/noe/gap_riscv_toolchain_ubuntu/gap_sdk/gap8/rtos/pulp/pulp-os/drivers_deprecated/spim/spim-v2.c:446
/home/noe/gap_riscv_toolchain_ubuntu/gap_sdk/examples/gap8/basic/NN/BUILD/GAP8_V3/GCC_RISCV_PULPOS/test:1c00456e 00000014 t l2_memcpy	/home/noe/gap_riscv_toolchain_ubuntu/gap_sdk/gap8/rtos/pulp/pulp-os/drivers/hyper/hyperram-v1.c:897
/home/noe/gap_riscv_toolchain_ubuntu/gap_sdk/examples/gap8/basic/NN/BUILD/GAP8_V3/GCC_RISCV_PULPOS/test:1c002686 00000014 t pmsis_exit
/home/noe/gap_riscv_toolchain_ubuntu/gap_sdk/examples/gap8/basic/NN/BUILD/GAP8_V3/GCC_RISCV_PULPOS/test:0000001c 00000014 D __rt_sched
/home/noe/gap_riscv_toolchain_ubuntu/gap_sdk/examples/gap8/basic/NN/BUILD/GAP8_V3/GCC_RISCV_PULPOS/test:1c001e38 00000016 t hal_cluster_id
/home/noe/gap_riscv_toolchain_ubuntu/gap_sdk/examples/gap8/basic/NN/BUILD/GAP8_V3/GCC_RISCV_PULPOS/test:1c001e22 00000016 t hal_core_id
/home/noe/gap_riscv_toolchain_ubuntu/gap_sdk/examples/gap8/basic/NN/BUILD/GAP8_V3/GCC_RISCV_PULPOS/test:1c0022fe 00000016 t pi_cluster_id
/home/noe/gap_riscv_toolchain_ubuntu/gap_sdk/examples/gap8/basic/NN/BUILD/GAP8_V3/GCC_RISCV_PULPOS/test:1c0022e8 00000016 t pi_core_id
/home/noe/gap_riscv_toolchain_ubuntu/gap_sdk/examples/gap8/basic/NN/BUILD/GAP8_V3/GCC_RISCV_PULPOS/test:1b000ba0 00000018 d cbsys_first	/home/noe/gap_riscv_toolchain_ubuntu/gap_sdk/gap8/rtos/pulp/pulp-os/kernel/utils.c:30
/home/noe/gap_riscv_toolchain_ubuntu/gap_sdk/examples/gap8/basic/NN/BUILD/GAP8_V3/GCC_RISCV_PULPOS/test:1c00507a 00000018 T fputc_locked
/home/noe/gap_riscv_toolchain_ubuntu/gap_sdk/examples/gap8/basic/NN/BUILD/GAP8_V3/GCC_RISCV_PULPOS/test:1c002638 00000018 t rt_cluster_id
/home/noe/gap_riscv_toolchain_ubuntu/gap_sdk/examples/gap8/basic/NN/BUILD/GAP8_V3/GCC_RISCV_PULPOS/test:1c002650 00000018 t rt_core_id
/home/noe/gap_riscv_toolchain_ubuntu/gap_sdk/examples/gap8/basic/NN/BUILD/GAP8_V3/GCC_RISCV_PULPOS/test:1c003490 00000018 T rt_event_wait	/home/noe/gap_riscv_toolchain_ubuntu/gap_sdk/gap8/rtos/pulp/pulp-os/kernel/events.c:257
/home/noe/gap_riscv_toolchain_ubuntu/gap_sdk/examples/gap8/basic/NN/BUILD/GAP8_V3/GCC_RISCV_PULPOS/test:1c006dac 00000018 V __rt_padframe_profiles
/home/noe/gap_riscv_toolchain_ubuntu/gap_sdk/examples/gap8/basic/NN/BUILD/GAP8_V3/GCC_RISCV_PULPOS/test:1c003650 00000018 t __rt_time_poweroff	/home/noe/gap_riscv_toolchain_ubuntu/gap_sdk/gap8/rtos/pulp/pulp-os/kernel/time.c:28
/home/noe/gap_riscv_toolchain_ubuntu/gap_sdk/examples/gap8/basic/NN/BUILD/GAP8_V3/GCC_RISCV_PULPOS/test:1c003668 00000018 t __rt_time_poweron	/home/noe/gap_riscv_toolchain_ubuntu/gap_sdk/gap8/rtos/pulp/pulp-os/kernel/time.c:37
/home/noe/gap_riscv_toolchain_ubuntu/gap_sdk/examples/gap8/basic/NN/BUILD/GAP8_V3/GCC_RISCV_PULPOS/test:1c003316 00000018 T __rt_wait_event_prepare_blocking	/home/noe/gap_riscv_toolchain_ubuntu/gap_sdk/gap8/rtos/pulp/pulp-os/kernel/events.c:42
/home/noe/gap_riscv_toolchain_ubuntu/gap_sdk/examples/gap8/basic/NN/BUILD/GAP8_V3/GCC_RISCV_PULPOS/test:1c001e6c 0000001a t cpu_perf_conf
/home/noe/gap_riscv_toolchain_ubuntu/gap_sdk/examples/gap8/basic/NN/BUILD/GAP8_V3/GCC_RISCV_PULPOS/test:1c001e86 0000001a t cpu_perf_setall
/home/noe/gap_riscv_toolchain_ubuntu/gap_sdk/examples/gap8/basic/NN/BUILD/GAP8_V3/GCC_RISCV_PULPOS/test:1c0033a2 0000001a T rt_event_get	/home/noe/gap_riscv_toolchain_ubuntu/gap_sdk/gap8/rtos/pulp/pulp-os/kernel/events.c:105
/home/noe/gap_riscv_toolchain_ubuntu/gap_sdk/examples/gap8/basic/NN/BUILD/GAP8_V3/GCC_RISCV_PULPOS/test:1c004ef8 0000001a T strchr	/home/noe/gap_riscv_toolchain_ubuntu/gap_sdk/gap8/rtos/pulp/pulp-os/libs/io/io.c:278
/home/noe/gap_riscv_toolchain_ubuntu/gap_sdk/examples/gap8/basic/NN/BUILD/GAP8_V3/GCC_RISCV_PULPOS/test:1c0021a8 0000001a t timer_cnt_lo_get
/home/noe/gap_riscv_toolchain_ubuntu/gap_sdk/examples/gap8/basic/NN/BUILD/GAP8_V3/GCC_RISCV_PULPOS/test:1c0023f8 0000001c t pi_perf_conf
/home/noe/gap_riscv_toolchain_ubuntu/gap_sdk/examples/gap8/basic/NN/BUILD/GAP8_V3/GCC_RISCV_PULPOS/test:1c003078 0000001c t __rt_event_enqueue	/home/noe/gap_riscv_toolchain_ubuntu/gap_sdk/install/GAP8_V3/include/rt/rt_event.h:405
/home/noe/gap_riscv_toolchain_ubuntu/gap_sdk/examples/gap8/basic/NN/BUILD/GAP8_V3/GCC_RISCV_PULPOS/test:1c0023dc 0000001c t __rt_team_barrier
/home/noe/gap_riscv_toolchain_ubuntu/gap_sdk/examples/gap8/basic/NN/BUILD/GAP8_V3/GCC_RISCV_PULPOS/test:1c001de4 0000001e t core_id
/home/noe/gap_riscv_toolchain_ubuntu/gap_sdk/examples/gap8/basic/NN/BUILD/GAP8_V3/GCC_RISCV_PULPOS/test:1c001e4e 0000001e t cpu_perf_conf_events
/home/noe/gap_riscv_toolchain_ubuntu/gap_sdk/examples/gap8/basic/NN/BUILD/GAP8_V3/GCC_RISCV_PULPOS/test:1c00214a 0000001e t eu_dispatch_push
/home/noe/gap_riscv_toolchain_ubuntu/gap_sdk/examples/gap8/basic/NN/BUILD/GAP8_V3/GCC_RISCV_PULPOS/test:1c002168 0000001e t eu_dispatch_team_config
/home/noe/gap_riscv_toolchain_ubuntu/gap_sdk/examples/gap8/basic/NN/BUILD/GAP8_V3/GCC_RISCV_PULPOS/test:1c002668 0000001e t pmsis_kickoff
/home/noe/gap_riscv_toolchain_ubuntu/gap_sdk/examples/gap8/basic/NN/BUILD/GAP8_V3/GCC_RISCV_PULPOS/test:1c0031f4 0000001e T __rt_bridge_clear_notif	/home/noe/gap_riscv_toolchain_ubuntu/gap_sdk/gap8/rtos/pulp/pulp-os/kernel/bridge.c:838
/home/noe/gap_riscv_toolchain_ubuntu/gap_sdk/examples/gap8/basic/NN/BUILD/GAP8_V3/GCC_RISCV_PULPOS/test:1c0031b6 0000001e T __rt_bridge_set_available	/home/noe/gap_riscv_toolchain_ubuntu/gap_sdk/gap8/rtos/pulp/pulp-os/kernel/bridge.c:725
/home/noe/gap_riscv_toolchain_ubuntu/gap_sdk/examples/gap8/basic/NN/BUILD/GAP8_V3/GCC_RISCV_PULPOS/test:1c0036fa 0000001e T rt_time_wait_us	/home/noe/gap_riscv_toolchain_ubuntu/gap_sdk/gap8/rtos/pulp/pulp-os/kernel/time.c:176
/home/noe/gap_riscv_toolchain_ubuntu/gap_sdk/examples/gap8/basic/NN/BUILD/GAP8_V3/GCC_RISCV_PULPOS/test:1c00228e 0000001e t timer_count_get
/home/noe/gap_riscv_toolchain_ubuntu/gap_sdk/examples/gap8/basic/NN/BUILD/GAP8_V3/GCC_RISCV_PULPOS/test:1c0022ac 0000001e t timer_reset
/home/noe/gap_riscv_toolchain_ubuntu/gap_sdk/examples/gap8/basic/NN/BUILD/GAP8_V3/GCC_RISCV_PULPOS/test:1c0022ca 0000001e t timer_start
/home/noe/gap_riscv_toolchain_ubuntu/gap_sdk/examples/gap8/basic/NN/BUILD/GAP8_V3/GCC_RISCV_PULPOS/test:1c001e02 00000020 t cluster_id
/home/noe/gap_riscv_toolchain_ubuntu/gap_sdk/examples/gap8/basic/NN/BUILD/GAP8_V3/GCC_RISCV_PULPOS/test:1c0020ae 00000020 t eu_bar_addr
/home/noe/gap_riscv_toolchain_ubuntu/gap_sdk/examples/gap8/basic/NN/BUILD/GAP8_V3/GCC_RISCV_PULPOS/test:1c005280 00000020 t _rlrshift	/home/noe/gap_riscv_toolchain_ubuntu/gap_sdk/gap8/rtos/pulp/pulp-os/libs/io/prf.c:122
/home/noe/gap_riscv_toolchain_ubuntu/gap_sdk/examples/gap8/basic/NN/BUILD/GAP8_V3/GCC_RISCV_PULPOS/test:1c003094 00000020 t __rt_bridge_check_bridge_req.part.5	/home/noe/gap_riscv_toolchain_ubuntu/gap_sdk/gap8/rtos/pulp/pulp-os/kernel/bridge.c:638
/home/noe/gap_riscv_toolchain_ubuntu/gap_sdk/examples/gap8/basic/NN/BUILD/GAP8_V3/GCC_RISCV_PULPOS/test:1c0031d4 00000020 T __rt_bridge_send_notif	/home/noe/gap_riscv_toolchain_ubuntu/gap_sdk/gap8/rtos/pulp/pulp-os/kernel/bridge.c:821
/home/noe/gap_riscv_toolchain_ubuntu/gap_sdk/examples/gap8/basic/NN/BUILD/GAP8_V3/GCC_RISCV_PULPOS/test:1c004bfc 00000020 t rt_event_execute.isra.4.constprop.12	/home/noe/gap_riscv_toolchain_ubuntu/gap_sdk/gap8/rtos/pulp/pulp-os/libs/io/io.c:795
/home/noe/gap_riscv_toolchain_ubuntu/gap_sdk/examples/gap8/basic/NN/BUILD/GAP8_V3/GCC_RISCV_PULPOS/test:1c005e18 00000020 t __rt_uart_setfreq_after	/home/noe/gap_riscv_toolchain_ubuntu/gap_sdk/gap8/rtos/pulp/pulp-os/drivers_deprecated/uart/uart.c:135
/home/noe/gap_riscv_toolchain_ubuntu/gap_sdk/examples/gap8/basic/NN/BUILD/GAP8_V3/GCC_RISCV_PULPOS/test:1c0034ba 00000020 T rt_user_alloc_init	/home/noe/gap_riscv_toolchain_ubuntu/gap_sdk/gap8/rtos/pulp/pulp-os/kernel/alloc.c:193
/home/noe/gap_riscv_toolchain_ubuntu/gap_sdk/examples/gap8/basic/NN/BUILD/GAP8_V3/GCC_RISCV_PULPOS/test:1c0020ce 00000022 t eu_bar_trig_wait_clr
/home/noe/gap_riscv_toolchain_ubuntu/gap_sdk/examples/gap8/basic/NN/BUILD/GAP8_V3/GCC_RISCV_PULPOS/test:1c002438 00000022 t pi_perf_fc_reset
/home/noe/gap_riscv_toolchain_ubuntu/gap_sdk/examples/gap8/basic/NN/BUILD/GAP8_V3/GCC_RISCV_PULPOS/test:1c0024ae 00000022 t pi_perf_fc_start
/home/noe/gap_riscv_toolchain_ubuntu/gap_sdk/examples/gap8/basic/NN/BUILD/GAP8_V3/GCC_RISCV_PULPOS/test:1c00359c 00000022 T __rt_alloc_init_l1	/home/noe/gap_riscv_toolchain_ubuntu/gap_sdk/gap8/rtos/pulp/pulp-os/kernel/alloc.c:445
/home/noe/gap_riscv_toolchain_ubuntu/gap_sdk/examples/gap8/basic/NN/BUILD/GAP8_V3/GCC_RISCV_PULPOS/test:1c0033bc 00000022 T rt_event_get_blocking	/home/noe/gap_riscv_toolchain_ubuntu/gap_sdk/gap8/rtos/pulp/pulp-os/kernel/events.c:127
/home/noe/gap_riscv_toolchain_ubuntu/gap_sdk/examples/gap8/basic/NN/BUILD/GAP8_V3/GCC_RISCV_PULPOS/test:1c002f82 00000022 T __rt_utils_init	/home/noe/gap_riscv_toolchain_ubuntu/gap_sdk/gap8/rtos/pulp/pulp-os/kernel/utils.c:84
/home/noe/gap_riscv_toolchain_ubuntu/gap_sdk/examples/gap8/basic/NN/BUILD/GAP8_V3/GCC_RISCV_PULPOS/test:1c002186 00000022 t timer_cfg_lo_set
/home/noe/gap_riscv_toolchain_ubuntu/gap_sdk/examples/gap8/basic/NN/BUILD/GAP8_V3/GCC_RISCV_PULPOS/test:1c0021e4 00000022 t timer_reset_lo_set
/home/noe/gap_riscv_toolchain_ubuntu/gap_sdk/examples/gap8/basic/NN/BUILD/GAP8_V3/GCC_RISCV_PULPOS/test:1c0021c2 00000022 t timer_start_lo_set
/home/noe/gap_riscv_toolchain_ubuntu/gap_sdk/examples/gap8/basic/NN/BUILD/GAP8_V3/GCC_RISCV_PULPOS/test:1c002414 00000024 t pi_perf_cl_reset
/home/noe/gap_riscv_toolchain_ubuntu/gap_sdk/examples/gap8/basic/NN/BUILD/GAP8_V3/GCC_RISCV_PULPOS/test:1c00248a 00000024 t pi_perf_cl_start
/home/noe/gap_riscv_toolchain_ubuntu/gap_sdk/examples/gap8/basic/NN/BUILD/GAP8_V3/GCC_RISCV_PULPOS/test:1c002526 00000024 t pi_perf_fc_stop
/home/noe/gap_riscv_toolchain_ubuntu/gap_sdk/examples/gap8/basic/NN/BUILD/GAP8_V3/GCC_RISCV_PULPOS/test:1c004582 00000024 t rt_event_enqueue	/home/noe/gap_riscv_toolchain_ubuntu/gap_sdk/install/GAP8_V3/include/rt/rt_event.h:419
/home/noe/gap_riscv_toolchain_ubuntu/gap_sdk/examples/gap8/basic/NN/BUILD/GAP8_V3/GCC_RISCV_PULPOS/test:1c0033de 00000024 T rt_event_push	/home/noe/gap_riscv_toolchain_ubuntu/gap_sdk/gap8/rtos/pulp/pulp-os/kernel/events.c:139
/home/noe/gap_riscv_toolchain_ubuntu/gap_sdk/examples/gap8/basic/NN/BUILD/GAP8_V3/GCC_RISCV_PULPOS/test:1c002314 00000024 t __rt_team_barrier_config
/home/noe/gap_riscv_toolchain_ubuntu/gap_sdk/examples/gap8/basic/NN/BUILD/GAP8_V3/GCC_RISCV_PULPOS/test:1c005df4 00000024 t __rt_uart_setup.isra.5	/home/noe/gap_riscv_toolchain_ubuntu/gap_sdk/gap8/rtos/pulp/pulp-os/drivers_deprecated/uart/uart.c:222
/home/noe/gap_riscv_toolchain_ubuntu/gap_sdk/examples/gap8/basic/NN/BUILD/GAP8_V3/GCC_RISCV_PULPOS/test:1c00226a 00000024 t timer_conf_set
/home/noe/gap_riscv_toolchain_ubuntu/gap_sdk/examples/gap8/basic/NN/BUILD/GAP8_V3/GCC_RISCV_PULPOS/test:1c002bf0 00000026 t cluster_start	/home/noe/gap_riscv_toolchain_ubuntu/gap_sdk/gap8/rtos/pulp/pulp-os/kernel/init.c:198
/home/noe/gap_riscv_toolchain_ubuntu/gap_sdk/examples/gap8/basic/NN/BUILD/GAP8_V3/GCC_RISCV_PULPOS/test:1c002500 00000026 t pi_perf_cl_stop
/home/noe/gap_riscv_toolchain_ubuntu/gap_sdk/examples/gap8/basic/NN/BUILD/GAP8_V3/GCC_RISCV_PULPOS/test:1c004e8c 00000026 t __rt_io_stop	/home/noe/gap_riscv_toolchain_ubuntu/gap_sdk/gap8/rtos/pulp/pulp-os/libs/io/io.c:769
/home/noe/gap_riscv_toolchain_ubuntu/gap_sdk/examples/gap8/basic/NN/BUILD/GAP8_V3/GCC_RISCV_PULPOS/test:1c005dce 00000026 T __rt_uart_cluster_req_done	/home/noe/gap_riscv_toolchain_ubuntu/gap_sdk/gap8/rtos/pulp/pulp-os/drivers_deprecated/uart/uart.c:253
/home/noe/gap_riscv_toolchain_ubuntu/gap_sdk/examples/gap8/basic/NN/BUILD/GAP8_V3/GCC_RISCV_PULPOS/test:1c003b32 00000026 t soc_eu_fcEventMask_setEvent	/home/noe/gap_riscv_toolchain_ubuntu/gap_sdk/install/GAP8_V3/include/hal/soc_eu/soc_eu_v1.h:60
/home/noe/gap_riscv_toolchain_ubuntu/gap_sdk/examples/gap8/basic/NN/BUILD/GAP8_V3/GCC_RISCV_PULPOS/test:1c005ee6 00000026 t soc_eu_fcEventMask_setEvent	/home/noe/gap_riscv_toolchain_ubuntu/gap_sdk/install/GAP8_V3/include/hal/soc_eu/soc_eu_v1.h:60
/home/noe/gap_riscv_toolchain_ubuntu/gap_sdk/examples/gap8/basic/NN/BUILD/GAP8_V3/GCC_RISCV_PULPOS/test:1c002122 00000028 t eu_bar_setup
/home/noe/gap_riscv_toolchain_ubuntu/gap_sdk/examples/gap8/basic/NN/BUILD/GAP8_V3/GCC_RISCV_PULPOS/test:1c005092 00000028 T _prf_locked	/home/noe/gap_riscv_toolchain_ubuntu/gap_sdk/gap8/rtos/pulp/pulp-os/libs/io/io.c:626
/home/noe/gap_riscv_toolchain_ubuntu/gap_sdk/examples/gap8/basic/NN/BUILD/GAP8_V3/GCC_RISCV_PULPOS/test:1c005052 00000028 T puts	/home/noe/gap_riscv_toolchain_ubuntu/gap_sdk/gap8/rtos/pulp/pulp-os/libs/io/io.c:576
/home/noe/gap_riscv_toolchain_ubuntu/gap_sdk/examples/gap8/basic/NN/BUILD/GAP8_V3/GCC_RISCV_PULPOS/test:1c0035be 00000028 T __rt_alloc_init_l1_for_fc	/home/noe/gap_riscv_toolchain_ubuntu/gap_sdk/gap8/rtos/pulp/pulp-os/kernel/alloc.c:452
/home/noe/gap_riscv_toolchain_ubuntu/gap_sdk/examples/gap8/basic/NN/BUILD/GAP8_V3/GCC_RISCV_PULPOS/test:1c002d7c 00000028 T __rt_deinit	/home/noe/gap_riscv_toolchain_ubuntu/gap_sdk/gap8/rtos/pulp/pulp-os/kernel/init.c:163
/home/noe/gap_riscv_toolchain_ubuntu/gap_sdk/examples/gap8/basic/NN/BUILD/GAP8_V3/GCC_RISCV_PULPOS/test:1c0032ee 00000028 T __rt_event_init	/home/noe/gap_riscv_toolchain_ubuntu/gap_sdk/gap8/rtos/pulp/pulp-os/kernel/events.c:32
/home/noe/gap_riscv_toolchain_ubuntu/gap_sdk/examples/gap8/basic/NN/BUILD/GAP8_V3/GCC_RISCV_PULPOS/test:1c007178 00000028 B __rt_fc_cluster_data
/home/noe/gap_riscv_toolchain_ubuntu/gap_sdk/examples/gap8/basic/NN/BUILD/GAP8_V3/GCC_RISCV_PULPOS/test:1c004a30 00000028 t __rt_i2s_setfreq_after	/home/noe/gap_riscv_toolchain_ubuntu/gap_sdk/gap8/rtos/pulp/pulp-os/drivers_deprecated/i2s/i2s-v1.c:235
/home/noe/gap_riscv_toolchain_ubuntu/gap_sdk/examples/gap8/basic/NN/BUILD/GAP8_V3/GCC_RISCV_PULPOS/test:1c00453c 00000028 T rt_padframe_set	/home/noe/gap_riscv_toolchain_ubuntu/gap_sdk/gap8/rtos/pulp/pulp-os/drivers_deprecated/pads/pads-v1.c:77
/home/noe/gap_riscv_toolchain_ubuntu/gap_sdk/examples/gap8/basic/NN/BUILD/GAP8_V3/GCC_RISCV_PULPOS/test:000002b8 00000028 D __rt_udma_extra_callback
/home/noe/gap_riscv_toolchain_ubuntu/gap_sdk/examples/gap8/basic/NN/BUILD/GAP8_V3/GCC_RISCV_PULPOS/test:000002e0 00000028 D __rt_udma_extra_callback_arg
/home/noe/gap_riscv_toolchain_ubuntu/gap_sdk/examples/gap8/basic/NN/BUILD/GAP8_V3/GCC_RISCV_PULPOS/test:1c002bc6 0000002a T main
/home/noe/gap_riscv_toolchain_ubuntu/gap_sdk/examples/gap8/basic/NN/BUILD/GAP8_V3/GCC_RISCV_PULPOS/test:1c005e7a 0000002a t __rt_uart_setfreq_before	/home/noe/gap_riscv_toolchain_ubuntu/gap_sdk/gap8/rtos/pulp/pulp-os/drivers_deprecated/uart/uart.c:102
/home/noe/gap_riscv_toolchain_ubuntu/gap_sdk/examples/gap8/basic/NN/BUILD/GAP8_V3/GCC_RISCV_PULPOS/test:1c003466 0000002a T __rt_wait_event	/home/noe/gap_riscv_toolchain_ubuntu/gap_sdk/gap8/rtos/pulp/pulp-os/kernel/events.c:247
/home/noe/gap_riscv_toolchain_ubuntu/gap_sdk/examples/gap8/basic/NN/BUILD/GAP8_V3/GCC_RISCV_PULPOS/test:1c00236a 0000002c t pi_cl_team_fork
/home/noe/gap_riscv_toolchain_ubuntu/gap_sdk/examples/gap8/basic/NN/BUILD/GAP8_V3/GCC_RISCV_PULPOS/test:1c0051c2 0000002c T printf	/home/noe/gap_riscv_toolchain_ubuntu/gap_sdk/gap8/rtos/pulp/pulp-os/libs/io/fprintf.c:41
/home/noe/gap_riscv_toolchain_ubuntu/gap_sdk/examples/gap8/basic/NN/BUILD/GAP8_V3/GCC_RISCV_PULPOS/test:1c004a58 0000002c t __rt_i2s_setfreq_before	/home/noe/gap_riscv_toolchain_ubuntu/gap_sdk/gap8/rtos/pulp/pulp-os/drivers_deprecated/i2s/i2s-v1.c:219
/home/noe/gap_riscv_toolchain_ubuntu/gap_sdk/examples/gap8/basic/NN/BUILD/GAP8_V3/GCC_RISCV_PULPOS/test:1c006f40 0000002c b __rt_pulpos_emu_global_cluster_task	/home/noe/gap_riscv_toolchain_ubuntu/gap_sdk/gap8/rtos/pulp/pulp-os/kernel/pulpos_emu.c:26
/home/noe/gap_riscv_toolchain_ubuntu/gap_sdk/examples/gap8/basic/NN/BUILD/GAP8_V3/GCC_RISCV_PULPOS/test:1c003b06 0000002c t SetFllMultDivFactors
/home/noe/gap_riscv_toolchain_ubuntu/gap_sdk/examples/gap8/basic/NN/BUILD/GAP8_V3/GCC_RISCV_PULPOS/test:1c00356e 0000002e T rt_alloc
/home/noe/gap_riscv_toolchain_ubuntu/gap_sdk/examples/gap8/basic/NN/BUILD/GAP8_V3/GCC_RISCV_PULPOS/test:1c0041fc 00000030 T pi_cluster_close	/home/noe/gap_riscv_toolchain_ubuntu/gap_sdk/gap8/rtos/pulp/pulp-os/kernel/cluster.c:370
/home/noe/gap_riscv_toolchain_ubuntu/gap_sdk/examples/gap8/basic/NN/BUILD/GAP8_V3/GCC_RISCV_PULPOS/test:1c00245a 00000030 t pi_perf_reset
/home/noe/gap_riscv_toolchain_ubuntu/gap_sdk/examples/gap8/basic/NN/BUILD/GAP8_V3/GCC_RISCV_PULPOS/test:1c0024d0 00000030 t pi_perf_start
/home/noe/gap_riscv_toolchain_ubuntu/gap_sdk/examples/gap8/basic/NN/BUILD/GAP8_V3/GCC_RISCV_PULPOS/test:1c002f52 00000030 T __rt_cbsys_exec	/home/noe/gap_riscv_toolchain_ubuntu/gap_sdk/gap8/rtos/pulp/pulp-os/kernel/utils.c:71
/home/noe/gap_riscv_toolchain_ubuntu/gap_sdk/examples/gap8/basic/NN/BUILD/GAP8_V3/GCC_RISCV_PULPOS/test:1c002206 00000030 t timer_base_fc
/home/noe/gap_riscv_toolchain_ubuntu/gap_sdk/examples/gap8/basic/NN/BUILD/GAP8_V3/GCC_RISCV_PULPOS/test:1c0020f0 00000032 t eu_bar_setup_mask
/home/noe/gap_riscv_toolchain_ubuntu/gap_sdk/examples/gap8/basic/NN/BUILD/GAP8_V3/GCC_RISCV_PULPOS/test:1c00254a 00000032 t pi_perf_stop
/home/noe/gap_riscv_toolchain_ubuntu/gap_sdk/examples/gap8/basic/NN/BUILD/GAP8_V3/GCC_RISCV_PULPOS/test:1c002fa4 00000032 T __rt_fc_lock	/home/noe/gap_riscv_toolchain_ubuntu/gap_sdk/gap8/rtos/pulp/pulp-os/kernel/utils.c:92
/home/noe/gap_riscv_toolchain_ubuntu/gap_sdk/examples/gap8/basic/NN/BUILD/GAP8_V3/GCC_RISCV_PULPOS/test:1c004c8c 00000032 t __rt_putc_host_cluster_req	/home/noe/gap_riscv_toolchain_ubuntu/gap_sdk/gap8/rtos/pulp/pulp-os/libs/io/io.c:451
/home/noe/gap_riscv_toolchain_ubuntu/gap_sdk/examples/gap8/basic/NN/BUILD/GAP8_V3/GCC_RISCV_PULPOS/test:1c002338 00000032 t __rt_team_config
/home/noe/gap_riscv_toolchain_ubuntu/gap_sdk/examples/gap8/basic/NN/BUILD/GAP8_V3/GCC_RISCV_PULPOS/test:00000358 00000034 D dev_rtc	/home/noe/gap_riscv_toolchain_ubuntu/gap_sdk/gap8/rtos/pulp/pulp-os/drivers_deprecated/dolphin/rtc.c:24
/home/noe/gap_riscv_toolchain_ubuntu/gap_sdk/examples/gap8/basic/NN/BUILD/GAP8_V3/GCC_RISCV_PULPOS/test:1c0052e4 00000034 t _get_digit	/home/noe/gap_riscv_toolchain_ubuntu/gap_sdk/gap8/rtos/pulp/pulp-os/libs/io/prf.c:167
/home/noe/gap_riscv_toolchain_ubuntu/gap_sdk/examples/gap8/basic/NN/BUILD/GAP8_V3/GCC_RISCV_PULPOS/test:1c0032ba 00000034 T __rt_bridge_init	/home/noe/gap_riscv_toolchain_ubuntu/gap_sdk/gap8/rtos/pulp/pulp-os/kernel/bridge.c:851
/home/noe/gap_riscv_toolchain_ubuntu/gap_sdk/examples/gap8/basic/NN/BUILD/GAP8_V3/GCC_RISCV_PULPOS/test:1c002fd6 00000034 T __rt_fc_unlock	/home/noe/gap_riscv_toolchain_ubuntu/gap_sdk/gap8/rtos/pulp/pulp-os/kernel/utils.c:127
/home/noe/gap_riscv_toolchain_ubuntu/gap_sdk/examples/gap8/basic/NN/BUILD/GAP8_V3/GCC_RISCV_PULPOS/test:1c0049fc 00000034 t __rt_i2s_resume	/home/noe/gap_riscv_toolchain_ubuntu/gap_sdk/gap8/rtos/pulp/pulp-os/drivers_deprecated/i2s/i2s-v1.c:186
/home/noe/gap_riscv_toolchain_ubuntu/gap_sdk/examples/gap8/basic/NN/BUILD/GAP8_V3/GCC_RISCV_PULPOS/test:1c005ff4 00000034 T rt_uart_cluster_write	/home/noe/gap_riscv_toolchain_ubuntu/gap_sdk/gap8/rtos/pulp/pulp-os/drivers_deprecated/uart/uart.c:277
/home/noe/gap_riscv_toolchain_ubuntu/gap_sdk/examples/gap8/basic/NN/BUILD/GAP8_V3/GCC_RISCV_PULPOS/test:1c002236 00000034 t timer_base_cl
/home/noe/gap_riscv_toolchain_ubuntu/gap_sdk/examples/gap8/basic/NN/BUILD/GAP8_V3/GCC_RISCV_PULPOS/test:1c004ec2 00000036 T memcpy	/home/noe/gap_riscv_toolchain_ubuntu/gap_sdk/gap8/rtos/pulp/pulp-os/libs/io/io.c:159
/home/noe/gap_riscv_toolchain_ubuntu/gap_sdk/examples/gap8/basic/NN/BUILD/GAP8_V3/GCC_RISCV_PULPOS/test:1c003042 00000036 T __rt_fc_cluster_unlock	/home/noe/gap_riscv_toolchain_ubuntu/gap_sdk/gap8/rtos/pulp/pulp-os/kernel/utils.c:199
/home/noe/gap_riscv_toolchain_ubuntu/gap_sdk/examples/gap8/basic/NN/BUILD/GAP8_V3/GCC_RISCV_PULPOS/test:1c00300a 00000038 T __rt_fc_cluster_lock	/home/noe/gap_riscv_toolchain_ubuntu/gap_sdk/gap8/rtos/pulp/pulp-os/kernel/utils.c:189
/home/noe/gap_riscv_toolchain_ubuntu/gap_sdk/examples/gap8/basic/NN/BUILD/GAP8_V3/GCC_RISCV_PULPOS/test:1c003212 0000003a T __rt_bridge_printf_flush
/home/noe/gap_riscv_toolchain_ubuntu/gap_sdk/examples/gap8/basic/NN/BUILD/GAP8_V3/GCC_RISCV_PULPOS/test:1c004f70 0000003a T __rt_putc_uart	/home/noe/gap_riscv_toolchain_ubuntu/gap_sdk/gap8/rtos/pulp/pulp-os/libs/io/io.c:412
/home/noe/gap_riscv_toolchain_ubuntu/gap_sdk/examples/gap8/basic/NN/BUILD/GAP8_V3/GCC_RISCV_PULPOS/test:1c0025ba 0000003c t pi_perf_fc_read
/home/noe/gap_riscv_toolchain_ubuntu/gap_sdk/examples/gap8/basic/NN/BUILD/GAP8_V3/GCC_RISCV_PULPOS/test:1c00429c 0000003c T __rt_cluster_new	/home/noe/gap_riscv_toolchain_ubuntu/gap_sdk/gap8/rtos/pulp/pulp-os/kernel/cluster.c:445
/home/noe/gap_riscv_toolchain_ubuntu/gap_sdk/examples/gap8/basic/NN/BUILD/GAP8_V3/GCC_RISCV_PULPOS/test:1c0042d8 0000003c t __rt_cluster_pulpos_emu_init	/home/noe/gap_riscv_toolchain_ubuntu/gap_sdk/gap8/rtos/pulp/pulp-os/kernel/pulpos_emu.c:29
/home/noe/gap_riscv_toolchain_ubuntu/gap_sdk/examples/gap8/basic/NN/BUILD/GAP8_V3/GCC_RISCV_PULPOS/test:1c00257c 0000003e t pi_perf_cl_read
/home/noe/gap_riscv_toolchain_ubuntu/gap_sdk/examples/gap8/basic/NN/BUILD/GAP8_V3/GCC_RISCV_PULPOS/test:1c002f14 0000003e T __rt_cbsys_add	/home/noe/gap_riscv_toolchain_ubuntu/gap_sdk/gap8/rtos/pulp/pulp-os/kernel/utils.c:57
/home/noe/gap_riscv_toolchain_ubuntu/gap_sdk/examples/gap8/basic/NN/BUILD/GAP8_V3/GCC_RISCV_PULPOS/test:1c003ac8 0000003e T __rt_freq_init	/home/noe/gap_riscv_toolchain_ubuntu/gap_sdk/gap8/rtos/pulp/pulp-os/kernel/gap/freq.c:62
/home/noe/gap_riscv_toolchain_ubuntu/gap_sdk/examples/gap8/basic/NN/BUILD/GAP8_V3/GCC_RISCV_PULPOS/test:1c003e2c 00000040 T InitFlls	/home/noe/gap_riscv_toolchain_ubuntu/gap_sdk/gap8/rtos/pulp/pulp-os/kernel/gap/pmu_driver.c:858
/home/noe/gap_riscv_toolchain_ubuntu/gap_sdk/examples/gap8/basic/NN/BUILD/GAP8_V3/GCC_RISCV_PULPOS/test:1c004b62 00000040 t __rt_do_putc_host	/home/noe/gap_riscv_toolchain_ubuntu/gap_sdk/gap8/rtos/pulp/pulp-os/libs/io/io.c:430
/home/noe/gap_riscv_toolchain_ubuntu/gap_sdk/examples/gap8/basic/NN/BUILD/GAP8_V3/GCC_RISCV_PULPOS/test:1c0025f6 00000042 t pi_perf_read
/home/noe/gap_riscv_toolchain_ubuntu/gap_sdk/examples/gap8/basic/NN/BUILD/GAP8_V3/GCC_RISCV_PULPOS/test:1c005ea4 00000042 t __rt_uart_cluster_req	/home/noe/gap_riscv_toolchain_ubuntu/gap_sdk/gap8/rtos/pulp/pulp-os/drivers_deprecated/uart/uart.c:266
/home/noe/gap_riscv_toolchain_ubuntu/gap_sdk/examples/gap8/basic/NN/BUILD/GAP8_V3/GCC_RISCV_PULPOS/test:1c005e38 00000042 t __rt_uart_wait_tx_done.isra.6	/home/noe/gap_riscv_toolchain_ubuntu/gap_sdk/gap8/rtos/pulp/pulp-os/drivers_deprecated/uart/uart.c:222
/home/noe/gap_riscv_toolchain_ubuntu/gap_sdk/examples/gap8/basic/NN/BUILD/GAP8_V3/GCC_RISCV_PULPOS/test:1c0052a0 00000044 t _ldiv5	/home/noe/gap_riscv_toolchain_ubuntu/gap_sdk/gap8/rtos/pulp/pulp-os/libs/io/prf.c:143
/home/noe/gap_riscv_toolchain_ubuntu/gap_sdk/examples/gap8/basic/NN/BUILD/GAP8_V3/GCC_RISCV_PULPOS/test:1c0045fe 00000044 t __pi_hyper_copy_exec
/home/noe/gap_riscv_toolchain_ubuntu/gap_sdk/examples/gap8/basic/NN/BUILD/GAP8_V3/GCC_RISCV_PULPOS/test:1c0030b4 00000046 t __rt_bridge_wait
/home/noe/gap_riscv_toolchain_ubuntu/gap_sdk/examples/gap8/basic/NN/BUILD/GAP8_V3/GCC_RISCV_PULPOS/test:1c002396 00000046 t rt_team_fork
/home/noe/gap_riscv_toolchain_ubuntu/gap_sdk/examples/gap8/basic/NN/BUILD/GAP8_V3/GCC_RISCV_PULPOS/test:1c0044f4 00000048 T pi_cluster_send_task_to_cl	/home/noe/gap_riscv_toolchain_ubuntu/gap_sdk/gap8/rtos/pulp/pulp-os/kernel/cluster_call.c:149
/home/noe/gap_riscv_toolchain_ubuntu/gap_sdk/examples/gap8/basic/NN/BUILD/GAP8_V3/GCC_RISCV_PULPOS/test:1c0034da 00000048 T rt_user_alloc	/home/noe/gap_riscv_toolchain_ubuntu/gap_sdk/gap8/rtos/pulp/pulp-os/kernel/alloc.c:207
/home/noe/gap_riscv_toolchain_ubuntu/gap_sdk/examples/gap8/basic/NN/BUILD/GAP8_V3/GCC_RISCV_PULPOS/test:1c00316c 0000004a T __rt_bridge_check_connection
/home/noe/gap_riscv_toolchain_ubuntu/gap_sdk/examples/gap8/basic/NN/BUILD/GAP8_V3/GCC_RISCV_PULPOS/test:1c003a7e 0000004a T rt_freq_set_and_get	/home/noe/gap_riscv_toolchain_ubuntu/gap_sdk/gap8/rtos/pulp/pulp-os/kernel/gap/freq.c:30
/home/noe/gap_riscv_toolchain_ubuntu/gap_sdk/examples/gap8/basic/NN/BUILD/GAP8_V3/GCC_RISCV_PULPOS/test:1c00294a 0000004c T cluster_delegate
/home/noe/gap_riscv_toolchain_ubuntu/gap_sdk/examples/gap8/basic/NN/BUILD/GAP8_V3/GCC_RISCV_PULPOS/test:1c002da8 0000004c T rt_irq_set_handler	/home/noe/gap_riscv_toolchain_ubuntu/gap_sdk/gap8/rtos/pulp/pulp-os/kernel/irq.c:61
/home/noe/gap_riscv_toolchain_ubuntu/gap_sdk/examples/gap8/basic/NN/BUILD/GAP8_V3/GCC_RISCV_PULPOS/test:1c003522 0000004c T rt_user_free	/home/noe/gap_riscv_toolchain_ubuntu/gap_sdk/gap8/rtos/pulp/pulp-os/kernel/alloc.c:291
/home/noe/gap_riscv_toolchain_ubuntu/gap_sdk/examples/gap8/basic/NN/BUILD/GAP8_V3/GCC_RISCV_PULPOS/test:1c005fa6 0000004e T rt_uart_close	/home/noe/gap_riscv_toolchain_ubuntu/gap_sdk/gap8/rtos/pulp/pulp-os/drivers_deprecated/uart/uart.c:228
/home/noe/gap_riscv_toolchain_ubuntu/gap_sdk/examples/gap8/basic/NN/BUILD/GAP8_V3/GCC_RISCV_PULPOS/test:1c004642 00000050 t exec_pending_task	/home/noe/gap_riscv_toolchain_ubuntu/gap_sdk/gap8/rtos/pulp/pulp-os/drivers/hyper/hyperram-v1.c:867
/home/noe/gap_riscv_toolchain_ubuntu/gap_sdk/examples/gap8/basic/NN/BUILD/GAP8_V3/GCC_RISCV_PULPOS/test:1c002df6 00000050 T __rt_handle_illegal_instr	/home/noe/gap_riscv_toolchain_ubuntu/gap_sdk/gap8/rtos/pulp/pulp-os/kernel/irq.c:94
/home/noe/gap_riscv_toolchain_ubuntu/gap_sdk/examples/gap8/basic/NN/BUILD/GAP8_V3/GCC_RISCV_PULPOS/test:1c004926 00000050 t __rt_hyper_init	/home/noe/gap_riscv_toolchain_ubuntu/gap_sdk/gap8/rtos/pulp/pulp-os/drivers/hyper/hyperram-v1.c:995
/home/noe/gap_riscv_toolchain_ubuntu/gap_sdk/examples/gap8/basic/NN/BUILD/GAP8_V3/GCC_RISCV_PULPOS/test:1c004b12 00000050 t __rt_io_uart_wait_req	/home/noe/gap_riscv_toolchain_ubuntu/gap_sdk/gap8/rtos/pulp/pulp-os/libs/io/io.c:315
/home/noe/gap_riscv_toolchain_ubuntu/gap_sdk/examples/gap8/basic/NN/BUILD/GAP8_V3/GCC_RISCV_PULPOS/test:1c001d92 00000052 t pi_cluster_task
/home/noe/gap_riscv_toolchain_ubuntu/gap_sdk/examples/gap8/basic/NN/BUILD/GAP8_V3/GCC_RISCV_PULPOS/test:1c004a84 00000052 T __rt_i2s_init	/home/noe/gap_riscv_toolchain_ubuntu/gap_sdk/gap8/rtos/pulp/pulp-os/drivers_deprecated/i2s/i2s-v1.c:268
/home/noe/gap_riscv_toolchain_ubuntu/gap_sdk/examples/gap8/basic/NN/BUILD/GAP8_V3/GCC_RISCV_PULPOS/test:1c002e46 00000052 T __rt_irq_init	/home/noe/gap_riscv_toolchain_ubuntu/gap_sdk/gap8/rtos/pulp/pulp-os/kernel/irq.c:103
/home/noe/gap_riscv_toolchain_ubuntu/gap_sdk/examples/gap8/basic/NN/BUILD/GAP8_V3/GCC_RISCV_PULPOS/test:1c0043a4 00000056 T rt_cluster_mount	/home/noe/gap_riscv_toolchain_ubuntu/gap_sdk/gap8/rtos/pulp/pulp-os/kernel/pulpos_emu.c:68
/home/noe/gap_riscv_toolchain_ubuntu/gap_sdk/examples/gap8/basic/NN/BUILD/GAP8_V3/GCC_RISCV_PULPOS/test:1c0039ca 00000056 T __rt_periph_wait_event	/home/noe/gap_riscv_toolchain_ubuntu/gap_sdk/gap8/rtos/pulp/pulp-os/kernel/periph-v2.c:237
/home/noe/gap_riscv_toolchain_ubuntu/gap_sdk/examples/gap8/basic/NN/BUILD/GAP8_V3/GCC_RISCV_PULPOS/test:1c00269a 00000058 T activation
/home/noe/gap_riscv_toolchain_ubuntu/gap_sdk/examples/gap8/basic/NN/BUILD/GAP8_V3/GCC_RISCV_PULPOS/test:1c0045a6 00000058 T __pi_hyper_copy_aligned	/home/noe/gap_riscv_toolchain_ubuntu/gap_sdk/gap8/rtos/pulp/pulp-os/drivers/hyper/hyperram-v1.c:480
/home/noe/gap_riscv_toolchain_ubuntu/gap_sdk/examples/gap8/basic/NN/BUILD/GAP8_V3/GCC_RISCV_PULPOS/test:1c004ba2 0000005a t __rt_io_start	/home/noe/gap_riscv_toolchain_ubuntu/gap_sdk/gap8/rtos/pulp/pulp-os/libs/io/io.c:746
/home/noe/gap_riscv_toolchain_ubuntu/gap_sdk/examples/gap8/basic/NN/BUILD/GAP8_V3/GCC_RISCV_PULPOS/test:1c006028 0000005c T __rt_uart_init	/home/noe/gap_riscv_toolchain_ubuntu/gap_sdk/gap8/rtos/pulp/pulp-os/drivers_deprecated/uart/uart.c:292
/home/noe/gap_riscv_toolchain_ubuntu/gap_sdk/examples/gap8/basic/NN/BUILD/GAP8_V3/GCC_RISCV_PULPOS/test:1c003a20 0000005e T __rt_periph_init	/home/noe/gap_riscv_toolchain_ubuntu/gap_sdk/gap8/rtos/pulp/pulp-os/kernel/periph-v2.c:276
/home/noe/gap_riscv_toolchain_ubuntu/gap_sdk/examples/gap8/basic/NN/BUILD/GAP8_V3/GCC_RISCV_PULPOS/test:1c004f12 0000005e T __rt_putc_debug_bridge	/home/noe/gap_riscv_toolchain_ubuntu/gap_sdk/gap8/rtos/pulp/pulp-os/libs/io/io.c:288
/home/noe/gap_riscv_toolchain_ubuntu/gap_sdk/examples/gap8/basic/NN/BUILD/GAP8_V3/GCC_RISCV_PULPOS/test:1c003f38 00000062 t __rt_init_cluster_data	/home/noe/gap_riscv_toolchain_ubuntu/gap_sdk/gap8/rtos/pulp/pulp-os/kernel/cluster.c:72
/home/noe/gap_riscv_toolchain_ubuntu/gap_sdk/examples/gap8/basic/NN/BUILD/GAP8_V3/GCC_RISCV_PULPOS/test:1c003f9a 00000064 t __rt_cluster_init	/home/noe/gap_riscv_toolchain_ubuntu/gap_sdk/gap8/rtos/pulp/pulp-os/kernel/cluster.c:382
/home/noe/gap_riscv_toolchain_ubuntu/gap_sdk/examples/gap8/basic/NN/BUILD/GAP8_V3/GCC_RISCV_PULPOS/test:1c003402 00000064 T __rt_event_execute	/home/noe/gap_riscv_toolchain_ubuntu/gap_sdk/gap8/rtos/pulp/pulp-os/kernel/events.c:189
/home/noe/gap_riscv_toolchain_ubuntu/gap_sdk/examples/gap8/basic/NN/BUILD/GAP8_V3/GCC_RISCV_PULPOS/test:1c0026f2 00000066 T initialize
/home/noe/gap_riscv_toolchain_ubuntu/gap_sdk/examples/gap8/basic/NN/BUILD/GAP8_V3/GCC_RISCV_PULPOS/test:1c0035e6 0000006a T __rt_allocs_init	/home/noe/gap_riscv_toolchain_ubuntu/gap_sdk/gap8/rtos/pulp/pulp-os/kernel/alloc.c:465
/home/noe/gap_riscv_toolchain_ubuntu/gap_sdk/examples/gap8/basic/NN/BUILD/GAP8_V3/GCC_RISCV_PULPOS/test:1c00324c 0000006e T __rt_bridge_req_shutdown	/home/noe/gap_riscv_toolchain_ubuntu/gap_sdk/gap8/rtos/pulp/pulp-os/kernel/bridge.c:774
/home/noe/gap_riscv_toolchain_ubuntu/gap_sdk/examples/gap8/basic/NN/BUILD/GAP8_V3/GCC_RISCV_PULPOS/test:1c00422c 00000070 T __rt_cluster_push_fc_event	/home/noe/gap_riscv_toolchain_ubuntu/gap_sdk/gap8/rtos/pulp/pulp-os/kernel/cluster.c:413
/home/noe/gap_riscv_toolchain_ubuntu/gap_sdk/examples/gap8/basic/NN/BUILD/GAP8_V3/GCC_RISCV_PULPOS/test:1c004c1c 00000070 t __rt_io_lock
/home/noe/gap_riscv_toolchain_ubuntu/gap_sdk/examples/gap8/basic/NN/BUILD/GAP8_V3/GCC_RISCV_PULPOS/test:1c004cbe 00000070 t __rt_io_unlock
/home/noe/gap_riscv_toolchain_ubuntu/gap_sdk/examples/gap8/basic/NN/BUILD/GAP8_V3/GCC_RISCV_PULPOS/test:1c0030fa 00000072 T __rt_bridge_handle_notif	/home/noe/gap_riscv_toolchain_ubuntu/gap_sdk/gap8/rtos/pulp/pulp-os/kernel/bridge.c:644
/home/noe/gap_riscv_toolchain_ubuntu/gap_sdk/examples/gap8/basic/NN/BUILD/GAP8_V3/GCC_RISCV_PULPOS/test:1c005136 00000072 T __rt_io_init	/home/noe/gap_riscv_toolchain_ubuntu/gap_sdk/gap8/rtos/pulp/pulp-os/libs/io/io.c:800
/home/noe/gap_riscv_toolchain_ubuntu/gap_sdk/examples/gap8/basic/NN/BUILD/GAP8_V3/GCC_RISCV_PULPOS/test:1c0050ba 00000074 T exit	/home/noe/gap_riscv_toolchain_ubuntu/gap_sdk/gap8/rtos/pulp/pulp-os/libs/io/io.c:690
/home/noe/gap_riscv_toolchain_ubuntu/gap_sdk/examples/gap8/basic/NN/BUILD/GAP8_V3/GCC_RISCV_PULPOS/test:1c00332e 00000074 T rt_event_alloc	/home/noe/gap_riscv_toolchain_ubuntu/gap_sdk/gap8/rtos/pulp/pulp-os/kernel/events.c:52
/home/noe/gap_riscv_toolchain_ubuntu/gap_sdk/examples/gap8/basic/NN/BUILD/GAP8_V3/GCC_RISCV_PULPOS/test:1c003680 0000007a T rt_event_push_delayed	/home/noe/gap_riscv_toolchain_ubuntu/gap_sdk/gap8/rtos/pulp/pulp-os/kernel/time.c:59
/home/noe/gap_riscv_toolchain_ubuntu/gap_sdk/examples/gap8/basic/NN/BUILD/GAP8_V3/GCC_RISCV_PULPOS/test:1c002e98 0000007c t __rt_fc_cluster_lock_req	/home/noe/gap_riscv_toolchain_ubuntu/gap_sdk/gap8/rtos/pulp/pulp-os/kernel/utils.c:142
/home/noe/gap_riscv_toolchain_ubuntu/gap_sdk/examples/gap8/basic/NN/BUILD/GAP8_V3/GCC_RISCV_PULPOS/test:1c006f6c 00000080 b __pi_hyper_temp_buffer	/home/noe/gap_riscv_toolchain_ubuntu/gap_sdk/gap8/rtos/pulp/pulp-os/drivers/hyper/hyperram-v1.c:160
/home/noe/gap_riscv_toolchain_ubuntu/gap_sdk/examples/gap8/basic/NN/BUILD/GAP8_V3/GCC_RISCV_PULPOS/test:1c007084 00000080 b __rt_io_event	/home/noe/gap_riscv_toolchain_ubuntu/gap_sdk/gap8/rtos/pulp/pulp-os/libs/io/io.c:39
/home/noe/gap_riscv_toolchain_ubuntu/gap_sdk/examples/gap8/basic/NN/BUILD/GAP8_V3/GCC_RISCV_PULPOS/test:1c006ebc 00000080 d __rt_putc_host_buffer	/home/noe/gap_riscv_toolchain_ubuntu/gap_sdk/gap8/rtos/pulp/pulp-os/libs/io/io.c:47
/home/noe/gap_riscv_toolchain_ubuntu/gap_sdk/examples/gap8/basic/NN/BUILD/GAP8_V3/GCC_RISCV_PULPOS/test:1c004976 00000086 T __pi_gpio_handler	/home/noe/gap_riscv_toolchain_ubuntu/gap_sdk/gap8/rtos/pulp/pulp-os/drivers/gpio/gpio-v2.c:54
/home/noe/gap_riscv_toolchain_ubuntu/gap_sdk/examples/gap8/basic/NN/BUILD/GAP8_V3/GCC_RISCV_PULPOS/test:1c005f1c 0000008a T __rt_uart_open	/home/noe/gap_riscv_toolchain_ubuntu/gap_sdk/gap8/rtos/pulp/pulp-os/drivers_deprecated/uart/uart.c:151
/home/noe/gap_riscv_toolchain_ubuntu/gap_sdk/examples/gap8/basic/NN/BUILD/GAP8_V3/GCC_RISCV_PULPOS/test:1c003b58 0000008c T __rt_pmu_cluster_power_down	/home/noe/gap_riscv_toolchain_ubuntu/gap_sdk/gap8/rtos/pulp/pulp-os/kernel/gap/pmu_driver.c:205
/home/noe/gap_riscv_toolchain_ubuntu/gap_sdk/examples/gap8/basic/NN/BUILD/GAP8_V3/GCC_RISCV_PULPOS/test:1c003718 0000008c T __rt_time_init	/home/noe/gap_riscv_toolchain_ubuntu/gap_sdk/gap8/rtos/pulp/pulp-os/kernel/time.c:188
/home/noe/gap_riscv_toolchain_ubuntu/gap_sdk/examples/gap8/basic/NN/BUILD/GAP8_V3/GCC_RISCV_PULPOS/test:1c004314 00000090 T rt_cluster_call	/home/noe/gap_riscv_toolchain_ubuntu/gap_sdk/gap8/rtos/pulp/pulp-os/kernel/pulpos_emu.c:40
/home/noe/gap_riscv_toolchain_ubuntu/gap_sdk/examples/gap8/basic/NN/BUILD/GAP8_V3/GCC_RISCV_PULPOS/test:1c004dfc 00000090 t __rt_io_uart_wait_pending	/home/noe/gap_riscv_toolchain_ubuntu/gap_sdk/gap8/rtos/pulp/pulp-os/libs/io/io.c:332
/home/noe/gap_riscv_toolchain_ubuntu/gap_sdk/examples/gap8/basic/NN/BUILD/GAP8_V3/GCC_RISCV_PULPOS/test:1c0051ee 00000092 t _to_x	/home/noe/gap_riscv_toolchain_ubuntu/gap_sdk/gap8/rtos/pulp/pulp-os/libs/io/prf.c:44
/home/noe/gap_riscv_toolchain_ubuntu/gap_sdk/examples/gap8/basic/NN/BUILD/GAP8_V3/GCC_RISCV_PULPOS/test:1c006fec 00000098 b __rt_gpio	/home/noe/gap_riscv_toolchain_ubuntu/gap_sdk/gap8/rtos/pulp/pulp-os/drivers/gpio/gpio-v2.c:34
/home/noe/gap_riscv_toolchain_ubuntu/gap_sdk/examples/gap8/basic/NN/BUILD/GAP8_V3/GCC_RISCV_PULPOS/test:1c003cc2 000000a2 T InitOneFll	/home/noe/gap_riscv_toolchain_ubuntu/gap_sdk/gap8/rtos/pulp/pulp-os/kernel/gap/pmu_driver.c:771
/home/noe/gap_riscv_toolchain_ubuntu/gap_sdk/examples/gap8/basic/NN/BUILD/GAP8_V3/GCC_RISCV_PULPOS/test:1c004faa 000000a8 t tfp_putc.isra.9	/home/noe/gap_riscv_toolchain_ubuntu/gap_sdk/gap8/rtos/pulp/pulp-os/libs/io/io.c:795
/home/noe/gap_riscv_toolchain_ubuntu/gap_sdk/examples/gap8/basic/NN/BUILD/GAP8_V3/GCC_RISCV_PULPOS/test:1c001298 000000ae T __gedf2	/home/gitlab-runner/riscv-gnu-toolchain/riscv-gnu-toolchain/riscv-gcc/libgcc/soft-fp/gedf2.c:35
/home/noe/gap_riscv_toolchain_ubuntu/gap_sdk/examples/gap8/basic/NN/BUILD/GAP8_V3/GCC_RISCV_PULPOS/test:1c001298 000000ae T __gtdf2	/home/gitlab-runner/riscv-gnu-toolchain/riscv-gnu-toolchain/riscv-gcc/libgcc/soft-fp/gedf2.c:36
/home/noe/gap_riscv_toolchain_ubuntu/gap_sdk/examples/gap8/basic/NN/BUILD/GAP8_V3/GCC_RISCV_PULPOS/test:1c003e6c 000000b2 T __rt_pmu_init	/home/noe/gap_riscv_toolchain_ubuntu/gap_sdk/gap8/rtos/pulp/pulp-os/kernel/gap/pmu_driver.c:472
/home/noe/gap_riscv_toolchain_ubuntu/gap_sdk/examples/gap8/basic/NN/BUILD/GAP8_V3/GCC_RISCV_PULPOS/test:1c006dc4 000000c0 D __hal_debug_struct
/home/noe/gap_riscv_toolchain_ubuntu/gap_sdk/examples/gap8/basic/NN/BUILD/GAP8_V3/GCC_RISCV_PULPOS/test:1c002758 000000c2 T predict
/home/noe/gap_riscv_toolchain_ubuntu/gap_sdk/examples/gap8/basic/NN/BUILD/GAP8_V3/GCC_RISCV_PULPOS/test:1c003d64 000000c8 T __rt_pmu_cluster_power_up
/home/noe/gap_riscv_toolchain_ubuntu/gap_sdk/examples/gap8/basic/NN/BUILD/GAP8_V3/GCC_RISCV_PULPOS/test:1c004d2e 000000ce t __rt_io_uart_flush.constprop.11	/home/noe/gap_riscv_toolchain_ubuntu/gap_sdk/gap8/rtos/pulp/pulp-os/libs/io/io.c:795
/home/noe/gap_riscv_toolchain_ubuntu/gap_sdk/examples/gap8/basic/NN/BUILD/GAP8_V3/GCC_RISCV_PULPOS/test:1c004128 000000d4 T pi_cluster_open	/home/noe/gap_riscv_toolchain_ubuntu/gap_sdk/gap8/rtos/pulp/pulp-os/kernel/cluster.c:343
/home/noe/gap_riscv_toolchain_ubuntu/gap_sdk/examples/gap8/basic/NN/BUILD/GAP8_V3/GCC_RISCV_PULPOS/test:1c003be4 000000de T SetFllFrequency
/home/noe/gap_riscv_toolchain_ubuntu/gap_sdk/examples/gap8/basic/NN/BUILD/GAP8_V3/GCC_RISCV_PULPOS/test:1c0037a4 000000f2 T __rt_timer_handler	/home/noe/gap_riscv_toolchain_ubuntu/gap_sdk/gap8/rtos/pulp/pulp-os/kernel/time_irq.c:30
/home/noe/gap_riscv_toolchain_ubuntu/gap_sdk/examples/gap8/basic/NN/BUILD/GAP8_V3/GCC_RISCV_PULPOS/test:1c0043fa 000000fa T pi_cluster_send_task_to_cl_async	/home/noe/gap_riscv_toolchain_ubuntu/gap_sdk/gap8/rtos/pulp/pulp-os/kernel/cluster_call.c:65
/home/noe/gap_riscv_toolchain_ubuntu/gap_sdk/examples/gap8/basic/NN/BUILD/GAP8_V3/GCC_RISCV_PULPOS/test:1c006a24 00000100 R __clz_tab
/home/noe/gap_riscv_toolchain_ubuntu/gap_sdk/examples/gap8/basic/NN/BUILD/GAP8_V3/GCC_RISCV_PULPOS/test:1c003ffe 00000124 t __rt_cluster_mount_step	/home/noe/gap_riscv_toolchain_ubuntu/gap_sdk/gap8/rtos/pulp/pulp-os/kernel/cluster.c:221
/home/noe/gap_riscv_toolchain_ubuntu/gap_sdk/examples/gap8/basic/NN/BUILD/GAP8_V3/GCC_RISCV_PULPOS/test:1c00281a 00000130 T train
/home/noe/gap_riscv_toolchain_ubuntu/gap_sdk/examples/gap8/basic/NN/BUILD/GAP8_V3/GCC_RISCV_PULPOS/test:1c003896 00000134 T rt_periph_copy	/home/noe/gap_riscv_toolchain_ubuntu/gap_sdk/gap8/rtos/pulp/pulp-os/kernel/periph-v2.c:58
/home/noe/gap_riscv_toolchain_ubuntu/gap_sdk/examples/gap8/basic/NN/BUILD/GAP8_V3/GCC_RISCV_PULPOS/test:1c002c16 00000166 T __rt_init	/home/noe/gap_riscv_toolchain_ubuntu/gap_sdk/gap8/rtos/pulp/pulp-os/kernel/init.c:74
/home/noe/gap_riscv_toolchain_ubuntu/gap_sdk/examples/gap8/basic/NN/BUILD/GAP8_V3/GCC_RISCV_PULPOS/test:1c001ea0 0000020e t cpu_perf_get
/home/noe/gap_riscv_toolchain_ubuntu/gap_sdk/examples/gap8/basic/NN/BUILD/GAP8_V3/GCC_RISCV_PULPOS/test:1c002996 00000230 T neural_network_task
/home/noe/gap_riscv_toolchain_ubuntu/gap_sdk/examples/gap8/basic/NN/BUILD/GAP8_V3/GCC_RISCV_PULPOS/test:00000030 00000280 D periph_channels
/home/noe/gap_riscv_toolchain_ubuntu/gap_sdk/examples/gap8/basic/NN/BUILD/GAP8_V3/GCC_RISCV_PULPOS/test:1c004692 00000288 t __pi_hyper_copy_misaligned	/home/noe/gap_riscv_toolchain_ubuntu/gap_sdk/gap8/rtos/pulp/pulp-os/drivers/hyper/hyperram-v1.c:806
/home/noe/gap_riscv_toolchain_ubuntu/gap_sdk/examples/gap8/basic/NN/BUILD/GAP8_V3/GCC_RISCV_PULPOS/test:1c00096c 0000032e T __umoddi3	/home/gitlab-runner/riscv-gnu-toolchain/riscv-gnu-toolchain/riscv-gcc/libgcc/libgcc2.c:1305
/home/noe/gap_riscv_toolchain_ubuntu/gap_sdk/examples/gap8/basic/NN/BUILD/GAP8_V3/GCC_RISCV_PULPOS/test:1c000630 0000033c T __udivdi3	/home/gitlab-runner/riscv-gnu-toolchain/riscv-gnu-toolchain/riscv-gcc/libgcc/libgcc2.c:1317
/home/noe/gap_riscv_toolchain_ubuntu/gap_sdk/examples/gap8/basic/NN/BUILD/GAP8_V3/GCC_RISCV_PULPOS/test:1c001346 0000043a T __muldf3	/home/gitlab-runner/riscv-gnu-toolchain/riscv-gnu-toolchain/riscv-gcc/libgcc/soft-fp/muldf3.c:35
/home/noe/gap_riscv_toolchain_ubuntu/gap_sdk/examples/gap8/basic/NN/BUILD/GAP8_V3/GCC_RISCV_PULPOS/test:1c000c9a 000005fe T __adddf3	/home/gitlab-runner/riscv-gnu-toolchain/riscv-gnu-toolchain/riscv-gcc/libgcc/soft-fp/adddf3.c:35
/home/noe/gap_riscv_toolchain_ubuntu/gap_sdk/examples/gap8/basic/NN/BUILD/GAP8_V3/GCC_RISCV_PULPOS/test:1c001780 00000612 T __subdf3	/home/gitlab-runner/riscv-gnu-toolchain/riscv-gnu-toolchain/riscv-gcc/libgcc/soft-fp/subdf3.c:35
/home/noe/gap_riscv_toolchain_ubuntu/gap_sdk/examples/gap8/basic/NN/BUILD/GAP8_V3/GCC_RISCV_PULPOS/test:1b000398 00000800 D __rt_fc_stack
/home/noe/gap_riscv_toolchain_ubuntu/gap_sdk/examples/gap8/basic/NN/BUILD/GAP8_V3/GCC_RISCV_PULPOS/test:1c005318 00000ab6 T _prf	/home/noe/gap_riscv_toolchain_ubuntu/gap_sdk/gap8/rtos/pulp/pulp-os/libs/io/prf.c:437
